+-------------+--------------+---------------+--------------+
|             |              |               |              |
|  Line, pos  |  Token text  |  Token value  |  Token type  |
|             |              |               |              |
+-------------+--------------+---------------+--------------+
|             |              |               |              |
|  1, 1       |  $0          |  0            |  Integer     |
|  1, 3       |  $0          |  0            |  Integer     |
|             |              |               |              |
+-------------+--------------+---------------+--------------+
spc: tests/lexer/006.tst(1,5) Error: Invalid integer constant
