+-------------+--------------+---------------+--------------+
|             |              |               |              |
|  Line, pos  |  Token text  |  Token value  |  Token type  |
|             |              |               |              |
+-------------+--------------+---------------+--------------+
|             |              |               |              |
|  1, 1       |  0e0         |  0.0          |  Real        |
|  2, 1       |  1e1         |  10.0         |  Real        |
|  3, 1       |  0e-0        |  0.0          |  Real        |
|             |              |               |              |
+-------------+--------------+---------------+--------------+
