+-------------+--------------+---------------+----------------------+
|             |              |               |                      |
|  Line, pos  |  Token text  |  Token value  |      Token type      |
|             |              |               |                      |
+-------------+--------------+---------------+----------------------+
|             |              |               |                      |
|  1, 1       |  #123        |  {            |  Character constant  |
|             |              |               |                      |
+-------------+--------------+---------------+----------------------+
spc: tests/lexer/015.tst(2,1) Error: Invalid character constant
